// Jest Snapshot v1, https://goo.gl/fbAQLP

exports[`renders correctly 1`] = `
<Text
  style={
    Array [
      undefined,
      Object {
        "fontFamily": "Montserrat-SemiBold",
      },
    ]
  }
>
  Snapshot test!
</Text>
`;
